// Jest Snapshot v1, https://goo.gl/fbAQLP

exports[`Organization Rate Limits renders with maxRate and maxRateInterval set 1`] = `
<div>
  <div>
    <div
      class="css-q8xgg6-SettingsPageHeader e1nr98yc2"
    >
      <div
        class="css-1mfa9vw-TitleAndActions e1nr98yc8"
      >
        <div
          class="css-u3au9h-TitleWrapper e1nr98yc7"
        >
          <div
            class="css-18xqiae-Title e1nr98yc6"
          >
            <h4
              class="css-jz1c1u-HeaderTitle e12cn1y20"
            >
              Rate Limits
            </h4>
          </div>
        </div>
      </div>
    </div>
    <div
      class="css-2fj46w-Panel edxrl2k0"
    >
      <div
        class="css-1v7t0a0-PanelHeader-getPadding eknsyxy0"
      >
        Adjust Limits
      </div>
      <div
        class="css-pemm1r-PanelBody-textStyles eszvord0"
      >
        <div
          class="ref-info e8p7jd00 css-w2d9f1-Wrap-alertStyles-PanelAlert e73vi8e5"
          type="info"
        >
          <div
            class="css-9ifyx1-IconWrapper e73vi8e4"
          >
            <svg
              fill="currentColor"
              height="16px"
              viewBox="0 0 16 16"
              width="16px"
            >
              <path
                d="M8,11.78A.74.74,0,0,1,7.24,11V7a.75.75,0,0,1,1.5,0v4A.75.75,0,0,1,8,11.78Z"
              />
              <circle
                cx="8"
                cy="4.78"
                r="0.76"
              />
              <path
                d="M8,16a8,8,0,1,1,8-8A8,8,0,0,1,8,16ZM8,1.53A6.47,6.47,0,1,0,14.47,8,6.47,6.47,0,0,0,8,1.53Z"
              />
            </svg>
          </div>
          <span
            class="css-iaz4p1-Message e73vi8e3"
          >
            Rate limits allow you to control how much data is stored for this
                organization. When a rate is exceeded the system will begin discarding
                data until the next interval.
          </span>
        </div>
        <form
          class="form-stacked"
          data-test-id="rate-limit-editor"
        >
          <div>
            <div
              class="css-nl4tr5-FieldWrapper-getPadding-inlineStyle-FieldWrapper e12z3jxd0"
            >
              <label
                aria-label="Account Limit"
                class="css-1lqelms-FieldDescription-inlineStyle e1cwyh1y0"
              >
                <div
                  class="css-1amoduc-FieldLabel ekcr5um0"
                >
                  <span>
                    Account Limit
                  </span>
                </div>
                <div
                  class="css-14bl5nc-FieldHelp e1mobfxl0"
                  id="undefined_help"
                >
                  The maximum number of events to accept across this entire organization.
                </div>
              </label>
              <div
                class="css-msyoo4-FieldControlWrapper e1ap0t511"
              >
                <div
                  class="css-sse8ie-FieldControlStyled e1ap0t510"
                >
                  <div
                    class="css-nmg07s-TextBlock-OrganizationRateLimit ezm48a60"
                  >
                    <span>
                      <span>
                        Your account is limited to a maximum of 
                      </span>
                      <span>
                        100
                      </span>
                      <span>
                         events per 
                      </span>
                      <span>
                        60
                      </span>
                      <span>
                         seconds.
                      </span>
                    </span>
                  </div>
                </div>
                <div
                  class="css-iw48yj-FieldControlState e190hkl80"
                />
              </div>
            </div>
            <div
              class="css-nl4tr5-FieldWrapper-getPadding-inlineStyle-FieldWrapper e12z3jxd0"
            >
              <label
                aria-label="Per-Project Limit"
                class="css-1lqelms-FieldDescription-inlineStyle e1cwyh1y0"
                for="projectRateLimit"
              >
                <div
                  class="css-1amoduc-FieldLabel ekcr5um0"
                >
                  <span>
                    Per-Project Limit
                  </span>
                </div>
                <div
                  class="css-14bl5nc-FieldHelp e1mobfxl0"
                  id="projectRateLimit_help"
                >
                  The maximum percentage of the account limit (set above) that an individual project can consume.
                </div>
              </label>
              <div
                class="css-msyoo4-FieldControlWrapper e1ap0t511"
              >
                <div
                  class="css-sse8ie-FieldControlStyled e1ap0t510"
                >
                  <div>
                    <label
                      class="css-pbxsg9-SliderLabel eqg2wba0"
                    >
                      No Limit — 100%
                    </label>
                    <div
                      class="css-1s7rce6-SliderAndInputWrapper eos73ae0"
                    >
                      <input
                        aria-valuetext="No Limit — 100%"
                        class="css-17nr5ag-Slider es2qfsd0"
                        id="projectRateLimit"
                        max="100"
                        min="50"
                        name="projectRateLimit"
                        step="5"
                        type="range"
                        value="100"
                      />
                    </div>
                  </div>
                </div>
                <div
                  class="css-iw48yj-FieldControlState e190hkl80"
                />
              </div>
            </div>
          </div>
        </form>
      </div>
    </div>
  </div>
</div>
`;
