// Jest Snapshot v1, https://goo.gl/fbAQLP

exports[`ProjectTeams renders 1`] = `
<div>
  <div>
    <div
      class="css-q8xgg6-SettingsPageHeader e1nr98yc2"
    >
      <div
        class="css-1mfa9vw-TitleAndActions e1nr98yc8"
      >
        <div
          class="css-u3au9h-TitleWrapper e1nr98yc7"
        >
          <div
            class="css-18xqiae-Title e1nr98yc6"
          >
            <h4
              class="css-jz1c1u-HeaderTitle e12cn1y20"
            >
              project-slug Teams
            </h4>
          </div>
        </div>
      </div>
    </div>
    <div
      class="css-2fj46w-Panel edxrl2k0"
    >
      <div
        class="css-a8axuq-PanelHeader-getPadding eknsyxy0"
      >
        Team
        <div
          class="css-j1qymt-AutoCompleteRoot e9jzhqd6"
          data-is-open="false"
        >
          <div
            aria-expanded="false"
            aria-haspopup="listbox"
            class="css-1vv9ctx-Actor e101wqlx0"
            role="button"
            style="outline: none;"
            tabindex="0"
          >
            <button
              aria-disabled="false"
              aria-expanded="false"
              aria-haspopup="true"
              aria-label="Add Team"
              class="e1u0jomf1 css-p6stui-StyledButton-getColors-getButtonStyles-StyledButton e1b8u3ky2"
              role="button"
              type="button"
            >
              <span
                class="css-vul34l-InteractionStateLayer-InteractionStateLayer-InteractionStateLayer e1fwp9rx0"
                role="presentation"
              />
              <span
                class="css-1z0n9wg-ButtonLabel e1b8u3ky1"
              >
                Add Team
                <svg
                  aria-hidden="true"
                  class="e1u0jomf2 css-tq1qdr-IconChevron-StyledChevron"
                  fill="currentColor"
                  height="12px"
                  viewBox="0 0 16 16"
                  width="12px"
                >
                  <path
                    d="M14,11.75a.74.74,0,0,1-.53-.22L8,6.06,2.53,11.53a.75.75,0,0,1-1.06-1.06l6-6a.75.75,0,0,1,1.06,0l6,6a.75.75,0,0,1,0,1.06A.74.74,0,0,1,14,11.75Z"
                  />
                </svg>
              </span>
            </button>
          </div>
        </div>
      </div>
      <div
        class="css-pemm1r-PanelBody-textStyles eszvord0"
      >
        <div
          class="css-1g1pqrf-PanelItem-TeamPanelItem e1u21fi91"
          data-test-id="team-row"
        >
          <a
            class="css-buqstp-Link-StyledLink e1u21fi90"
          >
            <div
              class="css-6orsd0-Wrapper e1vo4o574"
            >
              <span
                class="avatar e1vo4o573 css-pxqgmq-StyledBaseAvatar-StyledAvatar ery3g4h1"
                data-test-id="badge-styled-avatar"
                style="width: 24px; height: 24px;"
                title="team slug"
              >
                <svg
                  class="css-h0a6ia-LetterAvatar-imageStyle ewkzefl0"
                  viewBox="0 0 120 120"
                >
                  <rect
                    fill="#847a8c"
                    height="120"
                    opacity="100%"
                    rx="15"
                    ry="15"
                    width="120"
                    x="0"
                    y="0"
                  />
                  <text
                    fill="#FFFFFF"
                    font-size="65"
                    style="dominant-baseline: central;"
                    text-anchor="middle"
                    x="50%"
                    y="50%"
                  >
                    TS
                  </text>
                </svg>
              </span>
              <div
                class="css-ajl783-DisplayNameAndDescription e1vo4o572"
              >
                <span
                  class="css-12dq2et-DisplayName e1vo4o571"
                  data-test-id="badge-display-name"
                >
                  <span
                    class="css-1exbshj-BadgeDisplayName-overflowEllipsis-BadgeDisplayName evxkoyb0"
                  >
                    #team-slug
                  </span>
                </span>
              </div>
            </div>
          </a>
          <button
            aria-disabled="false"
            aria-label="Remove"
            class="css-cs9ro8-StyledButton-getColors-getButtonStyles e1b8u3ky2"
            role="button"
            type="button"
          >
            <span
              class="css-vul34l-InteractionStateLayer-InteractionStateLayer-InteractionStateLayer e1fwp9rx0"
              role="presentation"
            />
            <span
              class="css-1z0n9wg-ButtonLabel e1b8u3ky1"
            >
              <span
                class="css-3238mv-Icon e1b8u3ky0"
              >
                <svg
                  data-test-id="icon-subtract"
                  fill="currentColor"
                  height="12px"
                  viewBox="0 0 16 16"
                  width="12px"
                >
                  <path
                    d="M8,16a8,8,0,1,1,8-8A8,8,0,0,1,8,16ZM8,1.53A6.47,6.47,0,1,0,14.47,8,6.47,6.47,0,0,0,8,1.53Z"
                  />
                  <path
                    d="M11.28,8.75H4.72a.75.75,0,1,1,0-1.5h6.56a.75.75,0,1,1,0,1.5Z"
                  />
                </svg>
              </span>
              Remove
            </span>
          </button>
        </div>
      </div>
    </div>
  </div>
</div>
`;
