// Jest Snapshot v1, https://goo.gl/fbAQLP

exports[`OrganizationRepositoriesContainer without any providers is loading when initially rendering 1`] = `
<div>
  <div>
    <div
      class="css-q8xgg6-SettingsPageHeader e1nr98yc2"
    >
      <div
        class="css-1mfa9vw-TitleAndActions e1nr98yc8"
      >
        <div
          class="css-u3au9h-TitleWrapper e1nr98yc7"
        >
          <div
            class="css-18xqiae-Title e1nr98yc6"
          >
            <h4
              class="css-jz1c1u-HeaderTitle e12cn1y20"
            >
              Repositories
            </h4>
          </div>
        </div>
      </div>
    </div>
    <a
      class="ear9tuy3 css-l9fiww-Link-StyledLink e1ycxor00"
      href="/settings/org-slug/integrations/"
    >
      <div
        class="css-s2q57m-AlertLinkText ear9tuy0"
      >
        Want to add a repository to start tracking commits? Install or configure your version control integration here.
      </div>
      <span
        class="css-1awjzu4-IconWrapper-IconLink ear9tuy1"
      >
        <svg
          class="css-grvq9j-IconChevron"
          fill="currentColor"
          height="16px"
          viewBox="0 0 16 16"
          width="16px"
        >
          <path
            d="M14,11.75a.74.74,0,0,1-.53-.22L8,6.06,2.53,11.53a.75.75,0,0,1-1.06-1.06l6-6a.75.75,0,0,1,1.06,0l6,6a.75.75,0,0,1,0,1.06A.74.74,0,0,1,14,11.75Z"
          />
        </svg>
      </span>
    </a>
    <div
      class="m-b-2"
    >
      <div
        class="css-1j3tvli-TextBlock ezm48a60"
      >
        Connecting a repository allows Sentry to capture commit data via webhooks. This enables features like suggested assignees and resolving issues via commit message. Once you've connected a repository, you can associate commits with releases via the API.
        Â 
        <span>
          <span>
            See our 
          </span>
          <a
            class="css-1ecfdi8-Anchor ehytxfi0"
            href="https://docs.sentry.io/learn/releases/"
            rel="noreferrer noopener"
            target="_blank"
          >
            <span>
              documentation
            </span>
          </a>
          <span>
             for more details.
          </span>
        </span>
      </div>
    </div>
    <div
      class="css-2fj46w-Panel edxrl2k0"
    >
      <div
        class="css-fvblbb-EmptyMessage-EmptyMessage ege7ww24"
        data-test-id="empty-message"
      >
        <div
          class="css-11rinht-IconWrapper ege7ww23"
        >
          <svg
            fill="currentColor"
            height="32px"
            viewBox="0 0 16 16"
            width="32px"
          >
            <path
              d="M8,11.91A3.91,3.91,0,1,1,11.91,8,3.91,3.91,0,0,1,8,11.91ZM8,5.59A2.41,2.41,0,1,0,10.41,8,2.41,2.41,0,0,0,8,5.59Z"
            />
            <path
              d="M15.23,8.75H11.16a.75.75,0,0,1,0-1.5h4.07a.75.75,0,0,1,0,1.5Z"
            />
            <path
              d="M4.84,8.75H.77a.75.75,0,1,1,0-1.5H4.84a.75.75,0,0,1,0,1.5Z"
            />
          </svg>
        </div>
        <strong
          class="css-1cyfam5-Title ege7ww22"
        >
          Sentry is better with commit data
        </strong>
        <div
          class="css-otdkjp-TextBlock-Description ege7ww21"
        >
          Adding one or more repositories will enable enhanced releases and the ability to resolve Sentry Issues via git message.
        </div>
        <div
          class="css-1li1qzt-Action ege7ww20"
        >
          <a
            aria-disabled="false"
            aria-label="Learn more"
            class="e1b8u3ky2 css-1dvk0a0-Anchor-StyledButton-getColors-getButtonStyles ehytxfi0"
            href="https://docs.sentry.io/learn/releases/"
            rel="noreferrer noopener"
            role="button"
            target="_blank"
          >
            <span
              class="css-vul34l-InteractionStateLayer-InteractionStateLayer-InteractionStateLayer e1fwp9rx0"
              role="presentation"
            />
            <span
              class="css-1z0n9wg-ButtonLabel e1b8u3ky1"
            >
              Learn more
            </span>
          </a>
        </div>
      </div>
    </div>
  </div>
</div>
`;
