// Jest Snapshot v1, https://goo.gl/fbAQLP

exports[`SharedGroupDetails renders 1`] = `
<div>
  <div
    class="loading"
    data-test-id="loading-indicator"
  >
    <div
      class="loading-indicator"
    />
    <div
      class="loading-message"
    />
  </div>
</div>
`;
