// Jest Snapshot v1, https://goo.gl/fbAQLP

exports[`Confirm renders 1`] = `
<div>
  <button>
    Confirm?
  </button>
</div>
`;
