// Jest Snapshot v1, https://goo.gl/fbAQLP

exports[`ConfirmDelete renders 1`] = `<div />`;
